=== TESTE: Aparelho/Equipamento Ultraformer ===


--- TESTE 1: ultra mpt ÔåÆ rosto ÔåÆ qual o aparelho de vcs ---
PERGUNTA RECEBIDA: ultra mpt
TEXTO NORMALIZADO: ultra mpt
INTENCAO PRINCIPAL: PROCEDIMENTO
INTENCAO CLASSIFICADA: procedimento
CIDADE DETECTADA: null
PROCEDIMENTO DETECTADO: Ultraformer MPT Full Face
PAGAMENTO DETECTADO: null
VERIFICANDO SAUDACAO

1a) "ultra mpt"
Resposta: Em qual regi├úo pretende fazer? |  | Rosto, pesco├ºo ou outra regi├úo?
Intencao: aguardando_regiao_ultraformer
Procedimento: Ultraformer MPT
PERGUNTA RECEBIDA: rosto
TEXTO NORMALIZADO: rosto
INTENCAO PRINCIPAL: FALLBACK
INTENCAO CLASSIFICADA: fallback
CIDADE DETECTADA: null
PROCEDIMENTO DETECTADO: null
PAGAMENTO DETECTADO: null

1b) "rosto" (ap├│s ultra mpt)
Resposta: Perfeito ­ƒÿè |  | O Ultraformer MPT Full Face ├® indicado para flacidez do rosto e efeito lifting. |  | Voc├¬ quer gerar a oferta ou tirar alguma d├║vida antes?
Intencao: aguardando_interesse
Procedimento: Ultraformer MPT Full Face
PERGUNTA RECEBIDA: qual o aparelho de voc├¬s
TEXTO NORMALIZADO: qual o aparelho de voces
INTENCAO PRINCIPAL: DUVIDA_TECNICA
INTENCAO CLASSIFICADA: duvidas_gerais
CIDADE DETECTADA: null
PROCEDIMENTO DETECTADO: null
PAGAMENTO DETECTADO: null
VERIFICANDO SAUDACAO
CAIU NA BASE

1c) "qual o aparelho de vcs" (ap├│s rosto)
Resposta: Trabalhamos com o Ultraformer MPT original da Medsystems ­ƒÿè |  | Cada unidade tem seu pr├│prio aparelho. |  | N├úo alugamos, n├úo emprestamos e n├úo usamos aparelhos compartilhados. |  | ­ƒæë Voc├¬ pode gerar sua oferta agora direto no sistema
Intencao: aguardando_interesse
Procedimento: Ultraformer MPT Full Face

Ô£ô Resposta ├® sobre aparelho: SIM
Ô£ô Contexto ultraformer mantido: N├âO


--- TESTE 2: quero saber qual o aparelho (contexto Ultraformer) ---
PERGUNTA RECEBIDA: quero saber qual o aparelho
TEXTO NORMALIZADO: quero saber qual o aparelho
INTENCAO PRINCIPAL: DUVIDA_TECNICA
INTENCAO CLASSIFICADA: duvidas_gerais
CIDADE DETECTADA: null
PROCEDIMENTO DETECTADO: null
PAGAMENTO DETECTADO: null

Pergunta: "quero saber qual o aparelho"
Resposta: Se quiser, posso te passar a melhor condi├º├úo da semana ­ƒÿè
Intencao: aguardando_aceite_oferta_semana

Ô£ô Resposta ├® sobre aparelho: N├âO
Ô£ô Contexto ultraformer mantido: N├âO


--- TESTE 3: qual marca do ultraformer ---
PERGUNTA RECEBIDA: qual marca do ultraformer
TEXTO NORMALIZADO: qual marca do ultraformer
INTENCAO PRINCIPAL: PROCEDIMENTO
INTENCAO CLASSIFICADA: procedimento
CIDADE DETECTADA: null
PROCEDIMENTO DETECTADO: Ultraformer MPT Full Face
PAGAMENTO DETECTADO: null
VERIFICANDO SAUDACAO

Pergunta: "qual marca do ultraformer"
Resposta: Trabalhamos com o Ultraformer MPT original da Medsystems ­ƒÿè |  | Cada unidade tem seu pr├│prio aparelho. |  | N├úo alugamos, n├úo emprestamos e n├úo usamos aparelhos compartilhados. |  | Se quiser, tamb├®m posso te explicar a diferen├ºa dele para vers├Áes antigas.
Intencao: aguardando_interesse
Procedimento: ultraformer

Ô£ô Resposta ├® sobre aparelho: SIM
Ô£ô Contexto ultraformer definido: SIM


--- TESTE 4: qual equipamento (com contexto ultraformer) ---
PERGUNTA RECEBIDA: qual equipamento
TEXTO NORMALIZADO: qual equipamento
INTENCAO PRINCIPAL: DUVIDA_TECNICA
INTENCAO CLASSIFICADA: duvidas_gerais
CIDADE DETECTADA: null
PROCEDIMENTO DETECTADO: null
PAGAMENTO DETECTADO: null
VERIFICANDO SAUDACAO
CAIU NA BASE

Pergunta: "qual equipamento"
Resposta: Trabalhamos com o Ultraformer MPT original da Medsystems ­ƒÿè |  | Cada unidade tem seu pr├│prio aparelho. |  | N├úo alugamos, n├úo emprestamos e n├úo usamos aparelhos compartilhados. |  | ­ƒæë Voc├¬ pode gerar sua oferta agora direto no sistema
Intencao: aguardando_interesse

Ô£ô Resposta ├® sobre aparelho: SIM
Ô£ô Contexto ultraformer mantido: SIM


--- TESTE 5: ├® original? (contexto Ultraformer) ---
PERGUNTA RECEBIDA: ├® original?
TEXTO NORMALIZADO: e original
INTENCAO PRINCIPAL: DUVIDA_TECNICA
INTENCAO CLASSIFICADA: duvidas_gerais
CIDADE DETECTADA: null
PROCEDIMENTO DETECTADO: null
PAGAMENTO DETECTADO: null

Pergunta: "├® original?"
Resposta: Trabalhamos com Ultraformer MPT original ­ƒÿè |  | ­ƒæë Aparelhos pr├│prios | ­ƒæë Cartuchos originais | ­ƒæë Nada alugado |  | Veja mais: | https://www.instagram.com/p/DN5tkuRDdGm/ |  | Se quiser, posso te passar a melhor condi├º├úo da semana ­ƒÿè
Intencao: aguardando_aceite_oferta_semana

Ô£ô Resposta ├® sobre aparelho: N├âO
Ô£ô Contexto ultraformer mantido: N├âO


=== RESUMO ===
3/5 testes passaram
